// Vitest Snapshot v1, https://vitest.dev/guide/snapshot.html

exports[`response > log in:
- enter username and password => success 1`] = `
Section {
  "children": [
    Section {
      "children": [
        Step {
          "action": Action {
            "kind": "action",
            "text": "enter username and password",
          },
          "children": [],
          "isEnd": false,
          "isFork": false,
          "parent": [Circular],
          "responses": [
            Response {
              "kind": "response",
              "text": "success",
            },
          ],
        },
      ],
      "isEnd": false,
      "isFork": true,
      "label": Label {
        "text": "log in",
      },
      "parent": [Circular],
    },
  ],
  "isEnd": false,
  "isFork": false,
  "label": Label {
    "text": "",
  },
}
`;

exports[`section > log in:
- enter username
- enter password 1`] = `
Section {
  "children": [
    Section {
      "children": [
        Step {
          "action": Action {
            "kind": "action",
            "text": "enter username",
          },
          "children": [],
          "isEnd": false,
          "isFork": false,
          "parent": [Circular],
          "responses": [],
        },
        Step {
          "action": Action {
            "kind": "action",
            "text": "enter password",
          },
          "children": [],
          "isEnd": false,
          "isFork": false,
          "parent": [Circular],
          "responses": [],
        },
      ],
      "isEnd": false,
      "isFork": true,
      "label": Label {
        "text": "log in",
      },
      "parent": [Circular],
    },
  ],
  "isEnd": false,
  "isFork": false,
  "label": Label {
    "text": "",
  },
}
`;
